#-----------------------------------------------------------
# Vivado v2025.2 (64-bit)
# SW Build 6299465 on Fri Nov 14 19:35:11 GMT 2025
# IP Build 6300035 on Fri Nov 14 10:48:45 MST 2025
# SharedData Build 6298862 on Thu Nov 13 04:50:51 MST 2025
# Start of session at: Sat Sep 19 14:01:21 2026
# Process ID         : 10116
# Current directory  : C:/Users/mathi/Desktop/DTU/DTU_GitHub/5_semester/Digital_Systems/Assignments/Assignment_1/Task_2/DS_assignment1_task2
# Command line       : vivado.exe -gui_launcher_event rodinguilauncherevent26300 C:\Users\mathi\Desktop\DTU\DTU_GitHub\5_semester\Digital_Systems\Assignments\Assignment_1\Task_2\DS_assignment1_task2\DS_assignment1_task2.xpr
# Log file           : C:/Users/mathi/Desktop/DTU/DTU_GitHub/5_semester/Digital_Systems/Assignments/Assignment_1/Task_2/DS_assignment1_task2/vivado.log
# Journal file       : C:/Users/mathi/Desktop/DTU/DTU_GitHub/5_semester/Digital_Systems/Assignments/Assignment_1/Task_2/DS_assignment1_task2\vivado.jou
# Running On         : DESKTOP-2DOS7FK
# Platform           : Windows Server 2016 or Windows 10
# Operating System   : 26200
# Processor Detail   : AMD Ryzen 7 4700U with Radeon Graphics         
# CPU Frequency      : 1996 MHz
# CPU Physical cores : 8
# CPU Logical cores  : 8
# Host memory        : 16506 MB
# Swap memory        : 6710 MB
# Total Virtual      : 23217 MB
# Available Virtual  : 9675 MB
#-----------------------------------------------------------
start_gui
open_project C:/Users/mathi/Desktop/DTU/DTU_GitHub/5_semester/Digital_Systems/Assignments/Assignment_1/Task_2/DS_assignment1_task2/DS_assignment1_task2.xpr
update_compile_order -fileset sources_1
open_run impl_1
close_design
open_run synth_1 -name synth_1
reset_run synth_1
launch_runs synth_1 -jobs 8
wait_on_run synth_1
refresh_design
launch_simulation
source gcd_tb.tcl
relaunch_sim
relaunch_sim
update_compile_order -fileset sources_1
relaunch_sim
relaunch_sim
relaunch_sim
relaunch_sim
relaunch_sim
relaunch_sim
relaunch_sim
relaunch_sim
relaunch_sim
relaunch_sim
run all
run all
relaunch_sim
update_compile_order -fileset sources_1
relaunch_sim
update_compile_order -fileset sources_1
reset_run synth_1
launch_runs synth_1 -jobs 8
wait_on_run synth_1
close_design
reset_run synth_1
launch_runs synth_1 -jobs 8
wait_on_run synth_1
open_run synth_1 -name synth_1
update_compile_order -fileset sources_1
relaunch_sim
relaunch_sim
update_compile_order -fileset sources_1
relaunch_sim
relaunch_sim
relaunch_sim
relaunch_sim
update_compile_order -fileset sources_1
relaunch_sim
relaunch_sim
relaunch_sim
reset_run synth_1
launch_runs impl_1 -to_step write_bitstream -jobs 8
wait_on_run impl_1
open_hw_manager
connect_hw_server -allow_non_jtag
open_hw_target
current_hw_device [get_hw_devices xc7a100t_0]
refresh_hw_device -update_hw_probes false [lindex [get_hw_devices xc7a100t_0] 0]
set_property PROBES.FILE {} [get_hw_devices xc7a100t_0]
set_property FULL_PROBES.FILE {} [get_hw_devices xc7a100t_0]
set_property PROGRAM.FILE {C:/Users/mathi/Desktop/DTU/DTU_GitHub/5_semester/Digital_Systems/Assignments/Assignment_1/Task_2/DS_assignment1_task2/DS_assignment1_task2.runs/impl_1/gcd_top.bit} [get_hw_devices xc7a100t_0]
program_hw_devices [get_hw_devices xc7a100t_0]
refresh_hw_device [lindex [get_hw_devices xc7a100t_0] 0]
close_sim
